../Core/Src/tetris.c:68:6:NextBlock	8	static
../Core/Src/tetris.c:81:6:getFallingBlockArray	16	static
../Core/Src/tetris.c:106:5:isDrawable	40	static
../Core/Src/tetris.c:146:6:clearOldBlockVersion	40	static
../Core/Src/tetris.c:171:6:drawNewBlockVersion	40	static
../Core/Src/tetris.c:197:5:isGameOver	8	static
../Core/Src/tetris.c:209:5:isAtBottom	24	static
../Core/Src/tetris.c:229:6:showScore	64	static
../Core/Src/tetris.c:257:6:CollapseFullRow	48	static
../Core/Src/tetris.c:312:6:tetris	48	static
../Core/Src/tetris.c:432:6:GameOver	8	static
