../Middlewares/ST/STM32_USB_Host_Library/Core/Src/usbh_core.c:96:21:USBH_Init	24	static
../Middlewares/ST/STM32_USB_Host_Library/Core/Src/usbh_core.c:178:20:USBH_DeInit	16	static
../Middlewares/ST/STM32_USB_Host_Library/Core/Src/usbh_core.c:221:27:DeInitStateMachine	24	static
../Middlewares/ST/STM32_USB_Host_Library/Core/Src/usbh_core.c:261:20:USBH_RegisterClass	24	static
../Middlewares/ST/STM32_USB_Host_Library/Core/Src/usbh_core.c:296:20:USBH_SelectInterface	24	static
../Middlewares/ST/STM32_USB_Host_Library/Core/Src/usbh_core.c:325:9:USBH_GetActiveClass	16	static
../Middlewares/ST/STM32_USB_Host_Library/Core/Src/usbh_core.c:341:10:USBH_FindInterface	32	static
../Middlewares/ST/STM32_USB_Host_Library/Core/Src/usbh_core.c:374:10:USBH_FindInterfaceIndex	32	static
../Middlewares/ST/STM32_USB_Host_Library/Core/Src/usbh_core.c:402:21:USBH_Start	16	static
../Middlewares/ST/STM32_USB_Host_Library/Core/Src/usbh_core.c:420:21:USBH_Stop	16	static
../Middlewares/ST/STM32_USB_Host_Library/Core/Src/usbh_core.c:442:20:USBH_ReEnumerate	16	static
../Middlewares/ST/STM32_USB_Host_Library/Core/Src/usbh_core.c:473:21:USBH_Process	40	static
../Middlewares/ST/STM32_USB_Host_Library/Core/Src/usbh_core.c:843:27:USBH_HandleEnum	40	static
../Middlewares/ST/STM32_USB_Host_Library/Core/Src/usbh_core.c:1182:7:USBH_LL_SetTimer	16	static
../Middlewares/ST/STM32_USB_Host_Library/Core/Src/usbh_core.c:1194:7:USBH_LL_IncTimer	16	static
../Middlewares/ST/STM32_USB_Host_Library/Core/Src/usbh_core.c:1207:14:USBH_HandleSof	16	static
../Middlewares/ST/STM32_USB_Host_Library/Core/Src/usbh_core.c:1222:6:USBH_LL_PortEnabled	16	static
../Middlewares/ST/STM32_USB_Host_Library/Core/Src/usbh_core.c:1245:6:USBH_LL_PortDisabled	16	static
../Middlewares/ST/STM32_USB_Host_Library/Core/Src/usbh_core.c:1259:9:USBH_IsPortEnabled	16	static
../Middlewares/ST/STM32_USB_Host_Library/Core/Src/usbh_core.c:1271:21:USBH_LL_Connect	16	static
../Middlewares/ST/STM32_USB_Host_Library/Core/Src/usbh_core.c:1297:21:USBH_LL_Disconnect	16	static
